#-----------------------------------------------------------
# Vivado v2023.2 (64-bit)
# SW Build 4029153 on Fri Oct 13 20:14:34 MDT 2023
# IP Build 4028589 on Sat Oct 14 00:45:43 MDT 2023
# SharedData Build 4025554 on Tue Oct 10 17:18:54 MDT 2023
# Start of session at: Mon May 19 16:06:34 2025
# Process ID: 16736
# Current directory: C:/Users/crist/OneDrive/Documentos/GitHub/FPGA-UBB-project/FPGA-Vivado-Project/Genesys2_VideoDemoR1/Genesys2_VideoDemoR1.runs/mig_7series_0_synth_1
# Command line: vivado.exe -log mig_7series_0.vds -product Vivado -mode batch -messageDb vivado.pb -notrace -source mig_7series_0.tcl
# Log file: C:/Users/crist/OneDrive/Documentos/GitHub/FPGA-UBB-project/FPGA-Vivado-Project/Genesys2_VideoDemoR1/Genesys2_VideoDemoR1.runs/mig_7series_0_synth_1/mig_7series_0.vds
# Journal file: C:/Users/crist/OneDrive/Documentos/GitHub/FPGA-UBB-project/FPGA-Vivado-Project/Genesys2_VideoDemoR1/Genesys2_VideoDemoR1.runs/mig_7series_0_synth_1\vivado.jou
# Running On: LAPTOP-RR96MLV1, OS: Windows, CPU Frequency: 2496 MHz, CPU Physical cores: 4, Host memory: 16971 MB
#-----------------------------------------------------------
source mig_7series_0.tcl -notrace
