#-----------------------------------------------------------
# Vivado v2023.2 (64-bit)
# SW Build 4029153 on Fri Oct 13 20:14:34 MDT 2023
# IP Build 4028589 on Sat Oct 14 00:45:43 MDT 2023
# SharedData Build 4025554 on Tue Oct 10 17:18:54 MDT 2023
# Start of session at: Fri Jan 26 14:31:08 2024
# Process ID: 20292
# Current directory: C:/Users/danie/Dropbox/physics/UdeC/FPGA_UBB/Final_FPGA_UBB/Genesys2_VideoDemoR1/Genesys2_VideoDemoR1.runs/dpti_clock_synth_1
# Command line: vivado.exe -log dpti_clock.vds -product Vivado -mode batch -messageDb vivado.pb -notrace -source dpti_clock.tcl
# Log file: C:/Users/danie/Dropbox/physics/UdeC/FPGA_UBB/Final_FPGA_UBB/Genesys2_VideoDemoR1/Genesys2_VideoDemoR1.runs/dpti_clock_synth_1/dpti_clock.vds
# Journal file: C:/Users/danie/Dropbox/physics/UdeC/FPGA_UBB/Final_FPGA_UBB/Genesys2_VideoDemoR1/Genesys2_VideoDemoR1.runs/dpti_clock_synth_1\vivado.jou
# Running On: donaufeld, OS: Windows, CPU Frequency: 2611 MHz, CPU Physical cores: 10, Host memory: 34016 MB
#-----------------------------------------------------------
source dpti_clock.tcl -notrace
